// Vitest Snapshot v1, https://vitest.dev/guide/snapshot.html

exports[`SingleItemCard Component > matches snapshot 1`] = `
<DocumentFragment>
  <div
    class="grid grid-cols-1 sm:grid-cols-2 lg:grid-cols-3 xl:grid-cols-4 gap-6"
  >
    <a
      class="block group w-full"
      data-discover="true"
      href="/item/item123"
    >
      <div
        class="relative flex flex-col h-full bg-white rounded-xl shadow-md overflow-hidden border border-gray-200 transition-all duration-300 hover:shadow-xl hover:-translate-y-1"
      >
        <div
          class="relative h-52 w-full"
        >
          <img
            alt="Sample Item"
            class="w-full h-full object-cover transition-transform duration-500 group-hover:scale-110"
            loading="lazy"
            src="http://localhost:5050/test.jpg"
          />
          <div
            class="absolute top-3 right-3 flex flex-col gap-2"
          >
            <div
              class="inline-flex items-center gap-1.5 px-2.5 py-1 text-xs font-semibold rounded-full bg-green-100 text-green-800"
            >
              <svg
                aria-hidden="true"
                class="lucide lucide-circle-check-big"
                fill="none"
                height="14"
                stroke="currentColor"
                stroke-linecap="round"
                stroke-linejoin="round"
                stroke-width="2"
                viewBox="0 0 24 24"
                width="14"
                xmlns="http://www.w3.org/2000/svg"
              >
                <path
                  d="M21.801 10A10 10 0 1 1 17 3.335"
                />
                <path
                  d="m9 11 3 3L22 4"
                />
              </svg>
              Available
            </div>
          </div>
          <button
            aria-label="Add to wishlist"
            class="absolute top-3 left-3 w-9 h-9 flex items-center justify-center rounded-full bg-white/80 backdrop-blur-sm transition-colors duration-200 disabled:opacity-50
                text-gray-600 hover:text-red-500
              "
          >
            <svg
              aria-hidden="true"
              class="lucide lucide-heart"
              fill="none"
              height="18"
              stroke="currentColor"
              stroke-linecap="round"
              stroke-linejoin="round"
              stroke-width="2"
              viewBox="0 0 24 24"
              width="18"
              xmlns="http://www.w3.org/2000/svg"
            >
              <path
                d="M19 14c1.49-1.46 3-3.21 3-5.5A5.5 5.5 0 0 0 16.5 3c-1.76 0-3 .5-4.5 2-1.5-1.5-2.74-2-4.5-2A5.5 5.5 0 0 0 2 8.5c0 2.3 1.5 4.05 3 5.5l7 7Z"
              />
            </svg>
          </button>
        </div>
        <div
          class="p-4 flex flex-col flex-grow"
        >
          <p
            class="text-xs font-semibold text-blue-600 uppercase tracking-wider"
          >
            Electronics
          </p>
          <h3
            class="text-md font-bold text-gray-900 mt-1 truncate"
            title="Sample Item"
          >
            Sample Item
          </h3>
          <div
            class="flex items-center text-gray-500 mt-2 text-sm"
          >
            <svg
              aria-hidden="true"
              class="lucide lucide-map-pin w-4 h-4 mr-1.5 flex-shrink-0 text-gray-400"
              fill="none"
              height="24"
              stroke="currentColor"
              stroke-linecap="round"
              stroke-linejoin="round"
              stroke-width="2"
              viewBox="0 0 24 24"
              width="24"
              xmlns="http://www.w3.org/2000/svg"
            >
              <path
                d="M20 10c0 4.993-5.539 10.193-7.399 11.799a1 1 0 0 1-1.202 0C9.539 20.193 4 14.993 4 10a8 8 0 0 1 16 0"
              />
              <circle
                cx="12"
                cy="10"
                r="3"
              />
            </svg>
            <span
              class="truncate"
            >
              Kathmandu
            </span>
          </div>
          <div
            class="flex items-center mt-3"
          >
            <div
              class="flex items-center"
            >
              <svg
                aria-hidden="true"
                class="lucide lucide-star w-4 h-4 text-yellow-400"
                fill="currentColor"
                height="24"
                stroke="currentColor"
                stroke-linecap="round"
                stroke-linejoin="round"
                stroke-width="2"
                viewBox="0 0 24 24"
                width="24"
                xmlns="http://www.w3.org/2000/svg"
              >
                <path
                  d="M11.525 2.295a.53.53 0 0 1 .95 0l2.31 4.679a2.123 2.123 0 0 0 1.595 1.16l5.166.756a.53.53 0 0 1 .294.904l-3.736 3.638a2.123 2.123 0 0 0-.611 1.878l.882 5.14a.53.53 0 0 1-.771.56l-4.618-2.428a2.122 2.122 0 0 0-1.973 0L6.396 21.01a.53.53 0 0 1-.77-.56l.881-5.139a2.122 2.122 0 0 0-.611-1.879L2.16 9.795a.53.53 0 0 1 .294-.906l5.165-.755a2.122 2.122 0 0 0 1.597-1.16z"
                />
              </svg>
              <svg
                aria-hidden="true"
                class="lucide lucide-star w-4 h-4 text-yellow-400"
                fill="currentColor"
                height="24"
                stroke="currentColor"
                stroke-linecap="round"
                stroke-linejoin="round"
                stroke-width="2"
                viewBox="0 0 24 24"
                width="24"
                xmlns="http://www.w3.org/2000/svg"
              >
                <path
                  d="M11.525 2.295a.53.53 0 0 1 .95 0l2.31 4.679a2.123 2.123 0 0 0 1.595 1.16l5.166.756a.53.53 0 0 1 .294.904l-3.736 3.638a2.123 2.123 0 0 0-.611 1.878l.882 5.14a.53.53 0 0 1-.771.56l-4.618-2.428a2.122 2.122 0 0 0-1.973 0L6.396 21.01a.53.53 0 0 1-.77-.56l.881-5.139a2.122 2.122 0 0 0-.611-1.879L2.16 9.795a.53.53 0 0 1 .294-.906l5.165-.755a2.122 2.122 0 0 0 1.597-1.16z"
                />
              </svg>
              <svg
                aria-hidden="true"
                class="lucide lucide-star w-4 h-4 text-yellow-400"
                fill="currentColor"
                height="24"
                stroke="currentColor"
                stroke-linecap="round"
                stroke-linejoin="round"
                stroke-width="2"
                viewBox="0 0 24 24"
                width="24"
                xmlns="http://www.w3.org/2000/svg"
              >
                <path
                  d="M11.525 2.295a.53.53 0 0 1 .95 0l2.31 4.679a2.123 2.123 0 0 0 1.595 1.16l5.166.756a.53.53 0 0 1 .294.904l-3.736 3.638a2.123 2.123 0 0 0-.611 1.878l.882 5.14a.53.53 0 0 1-.771.56l-4.618-2.428a2.122 2.122 0 0 0-1.973 0L6.396 21.01a.53.53 0 0 1-.77-.56l.881-5.139a2.122 2.122 0 0 0-.611-1.879L2.16 9.795a.53.53 0 0 1 .294-.906l5.165-.755a2.122 2.122 0 0 0 1.597-1.16z"
                />
              </svg>
              <svg
                aria-hidden="true"
                class="lucide lucide-star w-4 h-4 text-yellow-400"
                fill="currentColor"
                height="24"
                stroke="currentColor"
                stroke-linecap="round"
                stroke-linejoin="round"
                stroke-width="2"
                viewBox="0 0 24 24"
                width="24"
                xmlns="http://www.w3.org/2000/svg"
              >
                <path
                  d="M11.525 2.295a.53.53 0 0 1 .95 0l2.31 4.679a2.123 2.123 0 0 0 1.595 1.16l5.166.756a.53.53 0 0 1 .294.904l-3.736 3.638a2.123 2.123 0 0 0-.611 1.878l.882 5.14a.53.53 0 0 1-.771.56l-4.618-2.428a2.122 2.122 0 0 0-1.973 0L6.396 21.01a.53.53 0 0 1-.77-.56l.881-5.139a2.122 2.122 0 0 0-.611-1.879L2.16 9.795a.53.53 0 0 1 .294-.906l5.165-.755a2.122 2.122 0 0 0 1.597-1.16z"
                />
              </svg>
              <svg
                aria-hidden="true"
                class="lucide lucide-star w-4 h-4 text-yellow-400"
                fill="currentColor"
                height="24"
                stroke="currentColor"
                stroke-linecap="round"
                stroke-linejoin="round"
                stroke-width="2"
                viewBox="0 0 24 24"
                width="24"
                xmlns="http://www.w3.org/2000/svg"
              >
                <path
                  d="M11.525 2.295a.53.53 0 0 1 .95 0l2.31 4.679a2.123 2.123 0 0 0 1.595 1.16l5.166.756a.53.53 0 0 1 .294.904l-3.736 3.638a2.123 2.123 0 0 0-.611 1.878l.882 5.14a.53.53 0 0 1-.771.56l-4.618-2.428a2.122 2.122 0 0 0-1.973 0L6.396 21.01a.53.53 0 0 1-.77-.56l.881-5.139a2.122 2.122 0 0 0-.611-1.879L2.16 9.795a.53.53 0 0 1 .294-.906l5.165-.755a2.122 2.122 0 0 0 1.597-1.16z"
                />
              </svg>
            </div>
            <p
              class="text-gray-500 ml-2 text-xs"
            >
              (12 reviews)
            </p>
          </div>
          <div
            class="flex-grow"
          />
          <div
            class="flex justify-between items-center pt-4 mt-4 border-t border-gray-100"
          >
            <p
              class="text-lg font-bold text-gray-900"
            >
              150.00
              <span
                class="text-sm font-normal text-gray-500"
              >
                /day
              </span>
            </p>
            <button
              class="px-5 py-2 text-sm font-semibold text-white bg-blue-600 rounded-lg transition-all duration-300 hover:bg-blue-700 focus:outline-none focus:ring-2 focus:ring-offset-2 focus:ring-blue-500 disabled:bg-gray-300 disabled:cursor-not-allowed"
              data-testid="borrow-button"
            >
              Borrow
            </button>
          </div>
        </div>
      </div>
    </a>
  </div>
</DocumentFragment>
`;
