// Vitest Snapshot v1, https://vitest.dev/guide/snapshot.html

exports[`UserItemCard > matches snapshot 1`] = `
<DocumentFragment>
  <div
    class="bg-white rounded-lg shadow-md overflow-hidden flex flex-col border border-gray-200"
  >
    <div
      class="w-full h-48 bg-gray-200 flex items-center justify-center overflow-hidden"
    >
      <img
        alt="Test Item"
        class="w-full h-full object-cover"
        src="https://mocked.image.url/test.jpg"
      />
    </div>
    <div
      class="p-4 flex flex-col flex-grow"
    >
      <p
        class="text-xs text-blue-600 font-semibold"
      >
        Tools
      </p>
      <h3
        class="text-md font-bold text-gray-800 mt-1 truncate"
      >
        Test Item
      </h3>
      <p
        class="text-lg font-black text-gray-900 mt-2"
      >
        Rs 250
      </p>
      <div
        class="mt-auto pt-4 flex gap-3"
      >
        <button
          class="flex-1 bg-gray-100 text-gray-800 font-semibold py-2 rounded-lg hover:bg-gray-200 transition-colors"
        >
          Edit
        </button>
        <button
          class="flex-1 bg-red-500 text-white font-semibold py-2 rounded-lg hover:bg-red-600 transition-colors"
        >
          Delete
        </button>
      </div>
    </div>
  </div>
</DocumentFragment>
`;
