// Vitest Snapshot v1, https://vitest.dev/guide/snapshot.html

exports[`ItemDetailPage > matches snapshot 1`] = `
<DocumentFragment>
  <div
    class="bg-gray-50 min-h-screen"
  >
    <section
      aria-atomic="false"
      aria-label="Notifications Alt+T"
      aria-live="polite"
      aria-relevant="additions text"
      class="Toastify"
    />
    <main
      class="container mx-auto px-4 py-8"
    >
      <div
        class="mb-6"
      >
        <a
          class="flex items-center gap-2 text-sm font-semibold text-gray-600 hover:text-gray-900"
          data-discover="true"
          href="/browse"
        >
          <svg
            aria-hidden="true"
            class="lucide lucide-arrow-left"
            fill="none"
            height="16"
            stroke="currentColor"
            stroke-linecap="round"
            stroke-linejoin="round"
            stroke-width="2"
            viewBox="0 0 24 24"
            width="16"
            xmlns="http://www.w3.org/2000/svg"
          >
            <path
              d="m12 19-7-7 7-7"
            />
            <path
              d="M19 12H5"
            />
          </svg>
          Back to all items
        </a>
      </div>
      <div
        class="grid grid-cols-1 lg:grid-cols-3 gap-8 items-start"
      >
        <div
          class="lg:col-span-2 space-y-8"
        >
          <div
            data-testid="image-gallery"
          >
            Image Gallery
          </div>
          <div
            data-testid="item-info"
          >
            Item Info
          </div>
          <div
            data-testid="reviews"
          >
            Reviews
          </div>
        </div>
        <div
          class="lg:col-span-1 space-y-8"
        >
          <div
            data-testid="owner-info"
          >
            Owner Info
          </div>
          <div
            data-testid="booking-panel"
          >
            Booking Panel
          </div>
        </div>
      </div>
    </main>
  </div>
</DocumentFragment>
`;
